[www.undangandigitalbali.com/tema/metatah/1/index43ad.html]
[backblue.gif]
[fade.gif]
[index.html]
[undangandigitalbali.com/tema/metatah/1/assets/img/thumb.jpg]
[undangandigitalbali.com/assets/css/bootstrap.min.css]
[unpkg.com/aos@2.3.1/dist/aos.css]
[undangandigitalbali.com/assets/css/slick.css]
[undangandigitalbali.com/assets/css/magnific-popup.css]
[www.undangandigitalbali.com/tema/metatah/1/assets/css/style.css]
[undangandigitalbali.com/assets/images/favicon.png]
[undangandigitalbali.com/assets/images/apple-touch-icon.png]
[www.undangandigitalbali.com/tema/metatah/1/assets/img/floating-2.png]
[www.undangandigitalbali.com/tema/metatah/1/assets/img/floating-1.png]
[www.undangandigitalbali.com/tema/metatah/1/assets/img/putu.jpg]
[www.undangandigitalbali.com/tema/metatah/1/assets/img/frame-1.png]
[www.undangandigitalbali.com/tema/metatah/1/assets/img/made.jpg]
[www.undangandigitalbali.com/tema/metatah/1/assets/img/komang.jpg]
[www.undangandigitalbali.com/tema/metatah/1/assets/img/stories/1.jpg]
[www.undangandigitalbali.com/tema/metatah/1/assets/img/stories/2.jpg]
[www.undangandigitalbali.com/tema/metatah/1/assets/img/stories/3.jpg]
[www.undangandigitalbali.com/tema/metatah/1/assets/img/stories/4.jpg]
[www.undangandigitalbali.com/tema/metatah/1/assets/img/stories/5.jpg]
[www.undangandigitalbali.com/tema/metatah/1/assets/img/stories/6.jpg]
[www.undangandigitalbali.com/tema/metatah/1/assets/img/stories/7.jpg]
[www.undangandigitalbali.com/tema/metatah/1/assets/img/stories/8.jpg]
[www.undangandigitalbali.com/tema/metatah/1/assets/img/stories/9.jpg]
[www.undangandigitalbali.com/tema/metatah/1/assets/img/stories/10.jpg]
[www.undangandigitalbali.com/tema/metatah/1/assets/img/loading.gif]
[code.jquery.com/jquery-3.6.1.min.js]
[undangandigitalbali.com/assets/js/smoothscroll.js]
[undangandigitalbali.com/assets/js/bootstrap.min.js]
[undangandigitalbali.com/assets/js/jquery.countdown.min.js]
[undangandigitalbali.com/assets/js/imagesloaded.pkgd.min.js]
[undangandigitalbali.com/assets/js/masonry.pkgd.min.js]
[undangandigitalbali.com/assets/js/slick.min.js]
[undangandigitalbali.com/assets/js/jquery.magnific-popup.min.js]
[unpkg.com/ionicons@5.2.3/dist/ionicons.js]
[unpkg.com/aos@2.3.1/dist/aos.js]
[www.undangandigitalbali.com/tema/metatah/1/index43ad.html]
[www.undangandigitalbali.com/tema/metatah/1/assets/js/script.js]
[undangandigitalbali.com/assets/css/bootstrap.min.css]
[unpkg.com/aos@2.3.1/dist/aos.css]
[undangandigitalbali.com/assets/css/slick.css]
[undangandigitalbali.com/assets/css/magnific-popup.css]
[www.undangandigitalbali.com/tema/metatah/1/assets/img/bg-pattern.png]
[www.undangandigitalbali.com/tema/metatah/1/assets/img/hero1.jpg]
[www.undangandigitalbali.com/tema/metatah/1/assets/img/hero2.jpg]
[www.undangandigitalbali.com/tema/metatah/1/assets/img/hero3.27.delayed]
[www.undangandigitalbali.com/tema/metatah/1/assets/css/style.css]
[www.undangandigitalbali.com/tema/metatah/1/assets/img/hero3.html]
